
> townssy-ecommerce@0.1.0 build
> next build

node.exe :  ΓÜá Invalid 
next.config.js options 
detected: 
At line:1 char:1
+ & "C:\Program 
Files\nodejs/node.exe" "C:\U
sers\HP\AppData\Roaming\npm 
...
+ ~~~~~~~~~~~~~~~~~~~~~~~~~~
~~~~~~~~~~~~~~~~~~~~~~~~~~~~
~~~~~~~~~~~~~~~
    + CategoryInfo          
    : NotSpecified: ( ΓÜá   
  Invalid ne...ions detec   
 ted: :String) [], Remot    
eException
    + FullyQualifiedErrorId 
    : NativeCommandError
 
 ΓÜá     Unrecognized 
key(s) in object: 
'swcMinify'
 ΓÜá See more info here: htt
ps://nextjs.org/docs/message
s/invalid-next-config
   Γû▓ Next.js 16.0.7 (Turbopack)
   - Environments: .env
   - Experiments (use with caution):
     Γ£ô optimizeCss
     ┬╖ optimizePackageImports

 ΓÜá The "middleware" file 
convention is deprecated. 
Please use "proxy" instead. 
Learn more: https://nextjs.o
rg/docs/messages/middleware-
to-proxy
   Creating an optimized production build ...
 Γ£ô Compiled successfully in 15.5s
   Running TypeScript ...
   Collecting page data using 7 workers ...
   Generating static pages using 7 workers (0/65) ...
   Generating static pages using 7 workers (16/65) 
   Generating static pages using 7 workers (32/65) 
   Generating static pages using 7 workers (48/65) 
 Γ£ô Generating static pages using 7 workers (65/65) in 6.2s
   Finalizing page optimization ...

Route (app)
Γöî Γùï /
Γö£ Γùï /_not-found
Γö£ Γùï /admin
Γö£ Γùï /admin-products
Γö£ ΓùÅ /admin-products/[adminId]
Γö£ Γùï /admin/agents
Γö£ ΓùÅ /admin/agents/[id]/edit
Γö£ Γùï /admin/agents/create
Γö£ Γùï /admin/finances
Γö£ Γùï /admin/messages
Γö£ ╞Æ /admin/messages/[id]
Γö£ Γùï /admin/messages/broadcast
Γö£ Γùï /admin/messages/broadcast/history
Γö£ Γùï /admin/orders
Γö£ ΓùÅ /admin/orders/[id]
Γö£ Γùï /admin/orders/disputes
Γö£ Γùï /admin/orders/verify
Γö£ Γùï /admin/products
Γö£ ΓùÅ /admin/products/[id]/edit
Γö£ Γùï /admin/products/categories
Γö£ ΓùÅ /admin/products/categories/[id]/edit
Γö£ Γùï /admin/products/categories/create
Γö£ Γùï /admin/products/create
Γö£ Γùï /admin/products/verify
Γö£ Γùï /admin/reports
Γö£ Γùï /admin/sections
Γö£ Γùï /admin/settings
Γö£ Γùï /admin/settings/audit
Γö£ Γùï /admin/settings/roles
Γö£ Γùï /admin/users
Γö£ ΓùÅ /admin/users/[id]
Γö£ Γùï /admin/vendors
Γö£ ΓùÅ /admin/vendors/[id]/edit
Γö£ ΓùÅ /admin/vendors/[id]/products
Γö£ Γùï /admin/vendors/applications
Γö£ Γùï /admin/vendors/create
Γö£ Γùï /admin/vendors/payouts
Γö£ Γùï /agent-application
Γö£ Γùï /agent-dashboard/delivery
Γö£ Γùï /agent-dashboard/delivery/tasks
Γö£ ΓùÅ /agent-dashboard/delivery/tasks/[id]
Γö£ Γùï /agent-dashboard/sales
Γö£ Γùï /agent-pending
Γö£ Γùï /auth/banned
Γö£ Γùï /auth/forgot-password
Γö£ Γùï /auth/login
Γö£ Γùï /auth/reset-password
Γö£ Γùï /auth/signup
Γö£ Γùï /auth/unauthorized
Γö£ Γùï /cart
Γö£ ΓùÅ /category/[slug]
Γöé Γö£ /category/womens-clothes
Γöé Γö£ /category/designer-shoes
Γöé Γö£ /category/food-trailers
Γöé Γöö /category/spider-hoodies
Γö£ Γùï /favorites
Γö£ Γùï /icon.svg
Γö£ Γùï /messages
Γö£ Γùï /messages/send
Γö£ Γùï /orders
Γö£ ΓùÅ /products/[id]
Γöé Γöö /products/430aefa3-df69-4a9e-8d9c-76f9d6fd196d
Γö£ Γùï /sell
Γö£ Γùï /settings
Γö£ ΓùÅ /supplier/[type]
Γöé Γö£ /supplier/supplier
Γöé Γöö /supplier/manufacturer
Γö£ Γùï /top-ranking
Γö£ Γùï /vendor-application
Γö£ Γùï /vendor-dashboard
Γö£ Γùï /vendor-dashboard/orders
Γö£ ΓùÅ /vendor-dashboard/orders/[id]
Γö£ Γùï /vendor-dashboard/products
Γö£ Γùï /vendor-dashboard/products/create
Γö£ ΓùÅ /vendor-dashboard/products/edit/[id]
Γöö ΓùÅ /vendor/[id]
  Γö£ /vendor/v1
  Γö£ /vendor/v2
  Γöö /vendor/v3


╞Æ Proxy (Middleware)

Γùï  (Static)   prerendered as static content
ΓùÅ  (SSG)      prerendered as static HTML (uses generateStaticParams)
╞Æ  (Dynamic)  server-rendered on demand

